https://products.conholdate.app/tr/barcode/generate/isbn
https://products.conholdate.app/tr/barcode/scan/iata2of5
https://products.conholdate.app/tr/barcode/recognize/interleaved2of5
https://products.conholdate.app/tr/barcode/scan/dutchkix
https://products.conholdate.app/tr/barcode/recognize/iata2of5
https://products.conholdate.app/tr/barcode/generate/msi
https://products.conholdate.app/tr/barcode/recognize/itf14
https://products.conholdate.app/tr/barcode/scan/italianpost25
https://products.conholdate.app/tr/barcode/scan/msi
https://products.conholdate.app/tr/barcode/scan/isbn
https://products.conholdate.app/tr/barcode/scan/interleaved2of5
https://products.conholdate.app/tr/barcode/scan/issn
https://products.conholdate.app/tr/barcode/recognize/italianpost25
https://products.conholdate.app/tr/barcode/generate/ismn
https://products.conholdate.app/tr/barcode/recognize/deutschepostidentcode
https://library.conholdate.app/th/org/Playground-Inc.
https://products.conholdate.app/tr/barcode/generate/itf6
https://products.conholdate.app/tr/barcode/recognize/itf6
https://products.conholdate.app/tr/barcode/scan/itf14
https://products.conholdate.app/tr/barcode/generate/deutschepostidentcode
https://products.conholdate.app/tr/barcode/recognize/issn
https://products.conholdate.app/tr/barcode/scan/vin
https://products.conholdate.app/tr/barcode/generate/interleaved2of5
https://products.conholdate.app/tr/barcode/scan/deutschepostidentcode
https://products.conholdate.app/tr/barcode/scan/itf6
https://products.conholdate.app/zh/conversion/j2k-to-xlsm
https://library.conholdate.app/kk/org/kk
https://library.conholdate.app/kk/org/Playground Inc.
https://library.conholdate.app/cs/org/Playground Inc.
https://library.conholdate.app/ca/org/ca
https://library.conholdate.app/ru-ru/org/Playground Inc.?mostForms
https://products.conholdate.app/barcode/EAN-14
https://products.conholdate.app/barcode/ITF-6
https://library.conholdate.app/org/Test Success Story/files
https://library.conholdate.app/ru-ru/org/Test Success Story/files
https://library.conholdate.app/ru-ru/org/Test Success Story/files/Aspose.PDF
https://library.conholdate.app/ru-ru/org/Test Success Story/files/Aspose.Words
https://library.conholdate.app/ru-ru/org/Playground Inc./files/Products
https://products.conholdate.app/ru-ru/barcode/total
https://products.conholdate.app/barcode/total
https://products.conholdate.app/barcode/UPC-A
https://products.conholdate.app/barcode/EAN-8
https://library.conholdate.app/org/Test Success Story/files/Aspose.Words
https://conholdate.app/features/conversion/docm-to-dotm